../Core/Src/main.c:174:6:HAL_ADC_ConvCpltCallback	1
../Core/Src/main.c:180:6:us_delay	3
../Core/Src/main.c:189:6:LCD_sendData	5
../Core/Src/main.c:196:6:LCD_wrcom4	1
../Core/Src/main.c:205:6:LCD_wrcom	1
../Core/Src/main.c:219:6:LCD_wrchar	1
../Core/Src/main.c:233:6:LCD_backlight	2
../Core/Src/main.c:238:6:LCD_clear	1
../Core/Src/main.c:242:6:LCD_goto	4
../Core/Src/main.c:251:6:LCD_Init	1
../Core/Src/main.c:264:5:__io_putchar	5
../Core/Src/main.c:285:5:main	1
../Core/Src/main.c:395:6:SystemClock_Config	3
../Core/Src/main.c:437:13:MX_ADC1_Init	4
../Core/Src/main.c:506:13:MX_RTC_Init	4
../Core/Src/main.c:572:13:MX_TIM1_Init	7
../Core/Src/main.c:654:13:MX_TIM2_Init	4
../Core/Src/main.c:699:13:MX_USART2_UART_Init	5
../Core/Src/main.c:745:13:MX_DMA_Init	1
../Core/Src/main.c:763:13:MX_GPIO_Init	1
../Core/Src/main.c:832:6:StartTaskSemaforo	2
../Core/Src/main.c:864:6:StartTaskServoGate	3
../Core/Src/main.c:928:6:StartTaskSensor	3
../Core/Src/main.c:973:6:StartTaskLCD	3
../Core/Src/main.c:1030:6:StartTaskTemperatura	1
../Core/Src/main.c:1063:6:HAL_TIM_PeriodElapsedCallback	2
../Core/Src/main.c:1081:6:Error_Handler	1
