../Core/Src/main.c:155:6:us_delay	24	static
../Core/Src/main.c:164:6:LCD_sendData	16	static
../Core/Src/main.c:171:6:LCD_wrcom4	16	static
../Core/Src/main.c:180:6:LCD_wrcom	16	static
../Core/Src/main.c:194:6:LCD_wrchar	16	static
../Core/Src/main.c:208:6:LCD_backlight	16	static
../Core/Src/main.c:213:6:LCD_clear	8	static
../Core/Src/main.c:217:6:LCD_goto	24	static
../Core/Src/main.c:226:6:LCD_Init	16	static
../Core/Src/main.c:239:5:__io_putchar	16	static
../Core/Src/main.c:260:5:main	8	static
../Core/Src/main.c:358:6:SystemClock_Config	88	static
../Core/Src/main.c:400:13:MX_ADC1_Init	24	static
../Core/Src/main.c:459:13:MX_RTC_Init	32	static
../Core/Src/main.c:525:13:MX_TIM1_Init	120	static
../Core/Src/main.c:607:13:MX_USART2_UART_Init	8	static
../Core/Src/main.c:655:13:MX_GPIO_Init	56	static
../Core/Src/main.c:724:6:StartTaskSemaforo	24	static
../Core/Src/main.c:756:6:StartTaskServoGate	64	static
../Core/Src/main.c:822:6:StartTaskSensor	56	static
../Core/Src/main.c:868:6:StartTaskLCD	56	static
../Core/Src/main.c:919:6:HAL_TIM_PeriodElapsedCallback	16	static
../Core/Src/main.c:937:6:Error_Handler	8	static,ignoring_inline_asm
