../Core/Src/main.c:155:6:us_delay	3
../Core/Src/main.c:164:6:LCD_sendData	5
../Core/Src/main.c:171:6:LCD_wrcom4	1
../Core/Src/main.c:180:6:LCD_wrcom	1
../Core/Src/main.c:194:6:LCD_wrchar	1
../Core/Src/main.c:208:6:LCD_backlight	2
../Core/Src/main.c:213:6:LCD_clear	1
../Core/Src/main.c:217:6:LCD_goto	4
../Core/Src/main.c:226:6:LCD_Init	1
../Core/Src/main.c:239:5:__io_putchar	5
../Core/Src/main.c:260:5:main	1
../Core/Src/main.c:358:6:SystemClock_Config	3
../Core/Src/main.c:400:13:MX_ADC1_Init	3
../Core/Src/main.c:459:13:MX_RTC_Init	4
../Core/Src/main.c:525:13:MX_TIM1_Init	7
../Core/Src/main.c:607:13:MX_USART2_UART_Init	5
../Core/Src/main.c:655:13:MX_GPIO_Init	1
../Core/Src/main.c:724:6:StartTaskSemaforo	2
../Core/Src/main.c:756:6:StartTaskServoGate	3
../Core/Src/main.c:822:6:StartTaskSensor	2
../Core/Src/main.c:868:6:StartTaskLCD	4
../Core/Src/main.c:919:6:HAL_TIM_PeriodElapsedCallback	2
../Core/Src/main.c:937:6:Error_Handler	1
