../Core/Src/main.c:116:6:us_delay	24	static
../Core/Src/main.c:125:6:LCD_sendData	16	static
../Core/Src/main.c:132:6:LCD_wrcom4	16	static
../Core/Src/main.c:141:6:LCD_wrcom	16	static
../Core/Src/main.c:155:6:LCD_wrchar	16	static
../Core/Src/main.c:169:6:LCD_backlight	16	static
../Core/Src/main.c:174:6:LCD_clear	8	static
../Core/Src/main.c:178:6:LCD_goto	24	static
../Core/Src/main.c:187:6:LCD_Init	16	static
../Core/Src/main.c:201:5:__io_putchar	16	static
../Core/Src/main.c:222:5:main	8	static
../Core/Src/main.c:312:6:SystemClock_Config	88	static
../Core/Src/main.c:353:13:MX_TIM1_Init	120	static
../Core/Src/main.c:435:13:MX_USART2_UART_Init	8	static
../Core/Src/main.c:483:13:MX_GPIO_Init	56	static
../Core/Src/main.c:549:6:StartTaskSemaforo	16	static
../Core/Src/main.c:567:6:StartTaskServoGate	16	static
../Core/Src/main.c:588:6:StartTaskSensor	16	static
../Core/Src/main.c:606:6:StartTaskLCD	16	static
../Core/Src/main.c:633:6:HAL_TIM_PeriodElapsedCallback	16	static
../Core/Src/main.c:651:6:Error_Handler	8	static,ignoring_inline_asm
